0 verbose cli /usr/local/Cellar/node@20/20.19.5/bin/node /usr/local/opt/node@20/bin/npm
1 info using npm@10.8.2
2 info using node@v20.19.5
3 silly config load:file:/usr/local/Cellar/node@20/20.19.5/lib/node_modules/npm/npmrc
4 silly config load:file:/Users/home/evolved/music-land/.npmrc
5 silly config load:file:/Users/home/.npmrc
6 silly config load:file:/usr/local/etc/npmrc
7 verbose title npm install @types/wav-encoder
8 verbose argv "install" "--save-dev" "@types/wav-encoder" "--cache" ".npm-cache" "--no-audit" "--no-fund"
9 verbose logfile logs-max:10 dir:/Users/home/evolved/music-land/.npm-cache/_logs/2025-12-26T23_41_09_578Z-
10 verbose logfile /Users/home/evolved/music-land/.npm-cache/_logs/2025-12-26T23_41_09_578Z-debug-0.log
11 silly packumentCache heap:4345298944 maxSize:1086324736 maxEntrySize:543162368
12 silly logfile done cleaning log files
13 silly idealTree buildDeps
14 silly fetch manifest @types/wav-encoder@*
15 silly packumentCache full:https://registry.npmjs.org/@types%2fwav-encoder cache-miss
16 http fetch GET 200 https://registry.npmjs.org/@types%2fwav-encoder 259ms (cache miss)
17 silly packumentCache full:https://registry.npmjs.org/@types%2fwav-encoder set size:undefined disposed:false
18 silly placeDep ROOT @types/wav-encoder@1.3.3 OK for: music-land@0.1.0 want: *
19 silly reify moves {}
20 verbose reify failed optional dependency /Users/home/evolved/music-land/node_modules/@unrs/resolver-binding-win32-x64-msvc
21 silly reify mark deleted [
21 silly reify   '/Users/home/evolved/music-land/node_modules/@unrs/resolver-binding-win32-x64-msvc'
21 silly reify ]
22 verbose reify failed optional dependency /Users/home/evolved/music-land/node_modules/@unrs/resolver-binding-win32-ia32-msvc
23 silly reify mark deleted [
23 silly reify   '/Users/home/evolved/music-land/node_modules/@unrs/resolver-binding-win32-ia32-msvc'
23 silly reify ]
24 verbose reify failed optional dependency /Users/home/evolved/music-land/node_modules/@unrs/resolver-binding-win32-arm64-msvc
25 silly reify mark deleted [
25 silly reify   '/Users/home/evolved/music-land/node_modules/@unrs/resolver-binding-win32-arm64-msvc'
25 silly reify ]
26 verbose reify failed optional dependency /Users/home/evolved/music-land/node_modules/@unrs/resolver-binding-wasm32-wasi
27 silly reify mark deleted [
27 silly reify   '/Users/home/evolved/music-land/node_modules/@unrs/resolver-binding-wasm32-wasi'
27 silly reify ]
28 verbose reify failed optional dependency /Users/home/evolved/music-land/node_modules/@napi-rs/wasm-runtime
29 silly reify mark deleted [ '/Users/home/evolved/music-land/node_modules/@napi-rs/wasm-runtime' ]
30 verbose reify failed optional dependency /Users/home/evolved/music-land/node_modules/@emnapi/core
31 silly reify mark deleted [ '/Users/home/evolved/music-land/node_modules/@emnapi/core' ]
32 verbose reify failed optional dependency /Users/home/evolved/music-land/node_modules/@tybys/wasm-util
33 silly reify mark deleted [ '/Users/home/evolved/music-land/node_modules/@tybys/wasm-util' ]
34 verbose reify failed optional dependency /Users/home/evolved/music-land/node_modules/@emnapi/wasi-threads
35 silly reify mark deleted [ '/Users/home/evolved/music-land/node_modules/@emnapi/wasi-threads' ]
36 verbose reify failed optional dependency /Users/home/evolved/music-land/node_modules/@unrs/resolver-binding-linux-x64-musl
37 silly reify mark deleted [
37 silly reify   '/Users/home/evolved/music-land/node_modules/@unrs/resolver-binding-linux-x64-musl'
37 silly reify ]
38 verbose reify failed optional dependency /Users/home/evolved/music-land/node_modules/@unrs/resolver-binding-linux-x64-gnu
39 silly reify mark deleted [
39 silly reify   '/Users/home/evolved/music-land/node_modules/@unrs/resolver-binding-linux-x64-gnu'
39 silly reify ]
40 verbose reify failed optional dependency /Users/home/evolved/music-land/node_modules/@unrs/resolver-binding-linux-s390x-gnu
41 silly reify mark deleted [
41 silly reify   '/Users/home/evolved/music-land/node_modules/@unrs/resolver-binding-linux-s390x-gnu'
41 silly reify ]
42 verbose reify failed optional dependency /Users/home/evolved/music-land/node_modules/@unrs/resolver-binding-linux-riscv64-musl
43 silly reify mark deleted [
43 silly reify   '/Users/home/evolved/music-land/node_modules/@unrs/resolver-binding-linux-riscv64-musl'
43 silly reify ]
44 verbose reify failed optional dependency /Users/home/evolved/music-land/node_modules/@unrs/resolver-binding-linux-riscv64-gnu
45 silly reify mark deleted [
45 silly reify   '/Users/home/evolved/music-land/node_modules/@unrs/resolver-binding-linux-riscv64-gnu'
45 silly reify ]
46 verbose reify failed optional dependency /Users/home/evolved/music-land/node_modules/@unrs/resolver-binding-linux-ppc64-gnu
47 silly reify mark deleted [
47 silly reify   '/Users/home/evolved/music-land/node_modules/@unrs/resolver-binding-linux-ppc64-gnu'
47 silly reify ]
48 verbose reify failed optional dependency /Users/home/evolved/music-land/node_modules/@unrs/resolver-binding-linux-arm64-musl
49 silly reify mark deleted [
49 silly reify   '/Users/home/evolved/music-land/node_modules/@unrs/resolver-binding-linux-arm64-musl'
49 silly reify ]
50 verbose reify failed optional dependency /Users/home/evolved/music-land/node_modules/@unrs/resolver-binding-linux-arm64-gnu
51 silly reify mark deleted [
51 silly reify   '/Users/home/evolved/music-land/node_modules/@unrs/resolver-binding-linux-arm64-gnu'
51 silly reify ]
52 verbose reify failed optional dependency /Users/home/evolved/music-land/node_modules/@unrs/resolver-binding-linux-arm-musleabihf
53 silly reify mark deleted [
53 silly reify   '/Users/home/evolved/music-land/node_modules/@unrs/resolver-binding-linux-arm-musleabihf'
53 silly reify ]
54 verbose reify failed optional dependency /Users/home/evolved/music-land/node_modules/@unrs/resolver-binding-linux-arm-gnueabihf
55 silly reify mark deleted [
55 silly reify   '/Users/home/evolved/music-land/node_modules/@unrs/resolver-binding-linux-arm-gnueabihf'
55 silly reify ]
56 verbose reify failed optional dependency /Users/home/evolved/music-land/node_modules/@unrs/resolver-binding-freebsd-x64
57 silly reify mark deleted [
57 silly reify   '/Users/home/evolved/music-land/node_modules/@unrs/resolver-binding-freebsd-x64'
57 silly reify ]
58 verbose reify failed optional dependency /Users/home/evolved/music-land/node_modules/@unrs/resolver-binding-darwin-arm64
59 silly reify mark deleted [
59 silly reify   '/Users/home/evolved/music-land/node_modules/@unrs/resolver-binding-darwin-arm64'
59 silly reify ]
60 verbose reify failed optional dependency /Users/home/evolved/music-land/node_modules/@unrs/resolver-binding-android-arm64
61 silly reify mark deleted [
61 silly reify   '/Users/home/evolved/music-land/node_modules/@unrs/resolver-binding-android-arm64'
61 silly reify ]
62 verbose reify failed optional dependency /Users/home/evolved/music-land/node_modules/@unrs/resolver-binding-android-arm-eabi
63 silly reify mark deleted [
63 silly reify   '/Users/home/evolved/music-land/node_modules/@unrs/resolver-binding-android-arm-eabi'
63 silly reify ]
64 verbose reify failed optional dependency /Users/home/evolved/music-land/node_modules/@next/swc-win32-x64-msvc
65 silly reify mark deleted [
65 silly reify   '/Users/home/evolved/music-land/node_modules/@next/swc-win32-x64-msvc'
65 silly reify ]
66 verbose reify failed optional dependency /Users/home/evolved/music-land/node_modules/@next/swc-win32-arm64-msvc
67 silly reify mark deleted [
67 silly reify   '/Users/home/evolved/music-land/node_modules/@next/swc-win32-arm64-msvc'
67 silly reify ]
68 verbose reify failed optional dependency /Users/home/evolved/music-land/node_modules/@next/swc-linux-x64-musl
69 silly reify mark deleted [
69 silly reify   '/Users/home/evolved/music-land/node_modules/@next/swc-linux-x64-musl'
69 silly reify ]
70 verbose reify failed optional dependency /Users/home/evolved/music-land/node_modules/@next/swc-linux-x64-gnu
71 silly reify mark deleted [
71 silly reify   '/Users/home/evolved/music-land/node_modules/@next/swc-linux-x64-gnu'
71 silly reify ]
72 verbose reify failed optional dependency /Users/home/evolved/music-land/node_modules/@next/swc-linux-arm64-musl
73 silly reify mark deleted [
73 silly reify   '/Users/home/evolved/music-land/node_modules/@next/swc-linux-arm64-musl'
73 silly reify ]
74 verbose reify failed optional dependency /Users/home/evolved/music-land/node_modules/@next/swc-linux-arm64-gnu
75 silly reify mark deleted [
75 silly reify   '/Users/home/evolved/music-land/node_modules/@next/swc-linux-arm64-gnu'
75 silly reify ]
76 verbose reify failed optional dependency /Users/home/evolved/music-land/node_modules/@next/swc-darwin-arm64
77 silly reify mark deleted [
77 silly reify   '/Users/home/evolved/music-land/node_modules/@next/swc-darwin-arm64'
77 silly reify ]
78 verbose reify failed optional dependency /Users/home/evolved/music-land/node_modules/@img/sharp-win32-x64
79 silly reify mark deleted [ '/Users/home/evolved/music-land/node_modules/@img/sharp-win32-x64' ]
80 verbose reify failed optional dependency /Users/home/evolved/music-land/node_modules/@img/sharp-win32-ia32
81 silly reify mark deleted [ '/Users/home/evolved/music-land/node_modules/@img/sharp-win32-ia32' ]
82 verbose reify failed optional dependency /Users/home/evolved/music-land/node_modules/@img/sharp-win32-arm64
83 silly reify mark deleted [
83 silly reify   '/Users/home/evolved/music-land/node_modules/@img/sharp-win32-arm64'
83 silly reify ]
84 verbose reify failed optional dependency /Users/home/evolved/music-land/node_modules/@img/sharp-wasm32
85 silly reify mark deleted [ '/Users/home/evolved/music-land/node_modules/@img/sharp-wasm32' ]
86 verbose reify failed optional dependency /Users/home/evolved/music-land/node_modules/@img/sharp-linuxmusl-x64
87 silly reify mark deleted [
87 silly reify   '/Users/home/evolved/music-land/node_modules/@img/sharp-linuxmusl-x64'
87 silly reify ]
88 verbose reify failed optional dependency /Users/home/evolved/music-land/node_modules/@img/sharp-linuxmusl-arm64
89 silly reify mark deleted [
89 silly reify   '/Users/home/evolved/music-land/node_modules/@img/sharp-linuxmusl-arm64'
89 silly reify ]
90 verbose reify failed optional dependency /Users/home/evolved/music-land/node_modules/@img/sharp-linux-x64
91 silly reify mark deleted [ '/Users/home/evolved/music-land/node_modules/@img/sharp-linux-x64' ]
92 verbose reify failed optional dependency /Users/home/evolved/music-land/node_modules/@img/sharp-linux-s390x
93 silly reify mark deleted [
93 silly reify   '/Users/home/evolved/music-land/node_modules/@img/sharp-linux-s390x'
93 silly reify ]
94 verbose reify failed optional dependency /Users/home/evolved/music-land/node_modules/@img/sharp-linux-riscv64
95 silly reify mark deleted [
95 silly reify   '/Users/home/evolved/music-land/node_modules/@img/sharp-linux-riscv64'
95 silly reify ]
96 verbose reify failed optional dependency /Users/home/evolved/music-land/node_modules/@img/sharp-linux-ppc64
97 silly reify mark deleted [
97 silly reify   '/Users/home/evolved/music-land/node_modules/@img/sharp-linux-ppc64'
97 silly reify ]
98 verbose reify failed optional dependency /Users/home/evolved/music-land/node_modules/@img/sharp-linux-arm64
99 silly reify mark deleted [
99 silly reify   '/Users/home/evolved/music-land/node_modules/@img/sharp-linux-arm64'
99 silly reify ]
100 verbose reify failed optional dependency /Users/home/evolved/music-land/node_modules/@img/sharp-linux-arm
101 silly reify mark deleted [ '/Users/home/evolved/music-land/node_modules/@img/sharp-linux-arm' ]
102 verbose reify failed optional dependency /Users/home/evolved/music-land/node_modules/@img/sharp-libvips-linuxmusl-x64
103 silly reify mark deleted [
103 silly reify   '/Users/home/evolved/music-land/node_modules/@img/sharp-libvips-linuxmusl-x64'
103 silly reify ]
104 verbose reify failed optional dependency /Users/home/evolved/music-land/node_modules/@img/sharp-libvips-linuxmusl-arm64
105 silly reify mark deleted [
105 silly reify   '/Users/home/evolved/music-land/node_modules/@img/sharp-libvips-linuxmusl-arm64'
105 silly reify ]
106 verbose reify failed optional dependency /Users/home/evolved/music-land/node_modules/@img/sharp-libvips-linux-x64
107 silly reify mark deleted [
107 silly reify   '/Users/home/evolved/music-land/node_modules/@img/sharp-libvips-linux-x64'
107 silly reify ]
108 verbose reify failed optional dependency /Users/home/evolved/music-land/node_modules/@img/sharp-libvips-linux-s390x
109 silly reify mark deleted [
109 silly reify   '/Users/home/evolved/music-land/node_modules/@img/sharp-libvips-linux-s390x'
109 silly reify ]
110 verbose reify failed optional dependency /Users/home/evolved/music-land/node_modules/@img/sharp-libvips-linux-riscv64
111 silly reify mark deleted [
111 silly reify   '/Users/home/evolved/music-land/node_modules/@img/sharp-libvips-linux-riscv64'
111 silly reify ]
112 verbose reify failed optional dependency /Users/home/evolved/music-land/node_modules/@img/sharp-libvips-linux-ppc64
113 silly reify mark deleted [
113 silly reify   '/Users/home/evolved/music-land/node_modules/@img/sharp-libvips-linux-ppc64'
113 silly reify ]
114 verbose reify failed optional dependency /Users/home/evolved/music-land/node_modules/@img/sharp-libvips-linux-arm64
115 silly reify mark deleted [
115 silly reify   '/Users/home/evolved/music-land/node_modules/@img/sharp-libvips-linux-arm64'
115 silly reify ]
116 verbose reify failed optional dependency /Users/home/evolved/music-land/node_modules/@img/sharp-libvips-linux-arm
117 silly reify mark deleted [
117 silly reify   '/Users/home/evolved/music-land/node_modules/@img/sharp-libvips-linux-arm'
117 silly reify ]
118 verbose reify failed optional dependency /Users/home/evolved/music-land/node_modules/@img/sharp-libvips-darwin-arm64
119 silly reify mark deleted [
119 silly reify   '/Users/home/evolved/music-land/node_modules/@img/sharp-libvips-darwin-arm64'
119 silly reify ]
120 verbose reify failed optional dependency /Users/home/evolved/music-land/node_modules/@img/sharp-darwin-arm64
121 silly reify mark deleted [
121 silly reify   '/Users/home/evolved/music-land/node_modules/@img/sharp-darwin-arm64'
121 silly reify ]
122 silly tarball no local data for @types/wav-encoder@https://registry.npmjs.org/@types/wav-encoder/-/wav-encoder-1.3.3.tgz. Extracting by manifest.
123 http fetch GET 200 https://registry.npmjs.org/@types/wav-encoder/-/wav-encoder-1.3.3.tgz 401ms (cache miss)
124 silly ADD node_modules/@types/wav-encoder
125 silly ADD
126 silly ADD
127 silly ADD
128 silly ADD
129 silly ADD
130 silly ADD
131 silly ADD
132 silly ADD
133 silly ADD
134 silly ADD
135 silly ADD
136 silly ADD
137 silly ADD
138 silly ADD
139 silly ADD
140 silly ADD
141 silly ADD
142 silly ADD
143 silly ADD
144 silly ADD
145 silly ADD
146 silly ADD
147 silly ADD
148 silly ADD
149 silly ADD
150 silly ADD
151 silly ADD
152 silly ADD
153 silly ADD
154 silly ADD
155 silly ADD
156 silly ADD
157 silly ADD
158 silly ADD
159 silly ADD
160 silly ADD
161 silly ADD
162 silly ADD
163 silly ADD
164 silly ADD
165 silly ADD
166 silly ADD
167 silly ADD
168 silly ADD
169 silly ADD
170 silly ADD
171 silly ADD
172 silly ADD
173 silly ADD
174 silly ADD
175 silly ADD
176 verbose cwd /Users/home/evolved/music-land
177 verbose os Darwin 24.6.0
178 verbose node v20.19.5
179 verbose npm  v10.8.2
180 verbose exit 0
181 info ok
