0 verbose cli /usr/local/Cellar/node@20/20.19.5/bin/node /usr/local/opt/node@20/bin/npm
1 info using npm@10.8.2
2 info using node@v20.19.5
3 silly config load:file:/usr/local/Cellar/node@20/20.19.5/lib/node_modules/npm/npmrc
4 silly config load:file:/Users/home/evolved/music-land/.npmrc
5 silly config load:file:/Users/home/.npmrc
6 silly config load:file:/usr/local/etc/npmrc
7 verbose title npm install @supabase/supabase-js
8 verbose argv "install" "@supabase/supabase-js" "--cache" ".npm-cache" "--no-audit" "--no-fund"
9 verbose logfile logs-max:10 dir:/Users/home/evolved/music-land/.npm-cache/_logs/2025-12-26T22_47_39_207Z-
10 verbose logfile /Users/home/evolved/music-land/.npm-cache/_logs/2025-12-26T22_47_39_207Z-debug-0.log
11 silly packumentCache heap:4345298944 maxSize:1086324736 maxEntrySize:543162368
12 silly logfile done cleaning log files
13 silly idealTree buildDeps
14 silly fetch manifest @supabase/supabase-js@*
15 silly packumentCache full:https://registry.npmjs.org/@supabase%2fsupabase-js cache-miss
16 http fetch GET 200 https://registry.npmjs.org/@supabase%2fsupabase-js 472ms (cache miss)
17 silly packumentCache full:https://registry.npmjs.org/@supabase%2fsupabase-js set size:undefined disposed:false
18 silly placeDep ROOT @supabase/supabase-js@2.89.0 OK for: music-land@0.1.0 want: *
19 silly fetch manifest @supabase/auth-js@2.89.0
20 silly packumentCache full:https://registry.npmjs.org/@supabase%2fauth-js cache-miss
21 silly fetch manifest @supabase/storage-js@2.89.0
22 silly packumentCache full:https://registry.npmjs.org/@supabase%2fstorage-js cache-miss
23 silly fetch manifest @supabase/realtime-js@2.89.0
24 silly packumentCache full:https://registry.npmjs.org/@supabase%2frealtime-js cache-miss
25 silly fetch manifest @supabase/functions-js@2.89.0
26 silly packumentCache full:https://registry.npmjs.org/@supabase%2ffunctions-js cache-miss
27 silly fetch manifest @supabase/postgrest-js@2.89.0
28 silly packumentCache full:https://registry.npmjs.org/@supabase%2fpostgrest-js cache-miss
29 http fetch GET 200 https://registry.npmjs.org/@supabase%2fauth-js 186ms (cache miss)
30 silly packumentCache full:https://registry.npmjs.org/@supabase%2fauth-js set size:undefined disposed:false
31 http fetch GET 200 https://registry.npmjs.org/@supabase%2fstorage-js 219ms (cache miss)
32 silly packumentCache full:https://registry.npmjs.org/@supabase%2fstorage-js set size:undefined disposed:false
33 http fetch GET 200 https://registry.npmjs.org/@supabase%2ffunctions-js 247ms (cache miss)
34 silly packumentCache full:https://registry.npmjs.org/@supabase%2ffunctions-js set size:undefined disposed:false
35 http fetch GET 200 https://registry.npmjs.org/@supabase%2frealtime-js 278ms (cache miss)
36 silly packumentCache full:https://registry.npmjs.org/@supabase%2frealtime-js set size:undefined disposed:false
37 http fetch GET 200 https://registry.npmjs.org/@supabase%2fpostgrest-js 338ms (cache miss)
38 silly packumentCache full:https://registry.npmjs.org/@supabase%2fpostgrest-js set size:undefined disposed:false
39 silly placeDep ROOT @supabase/auth-js@2.89.0 OK for: @supabase/supabase-js@2.89.0 want: 2.89.0
40 silly placeDep ROOT @supabase/functions-js@2.89.0 OK for: @supabase/supabase-js@2.89.0 want: 2.89.0
41 silly placeDep ROOT @supabase/postgrest-js@2.89.0 OK for: @supabase/supabase-js@2.89.0 want: 2.89.0
42 silly placeDep ROOT @supabase/realtime-js@2.89.0 OK for: @supabase/supabase-js@2.89.0 want: 2.89.0
43 silly placeDep ROOT @supabase/storage-js@2.89.0 OK for: @supabase/supabase-js@2.89.0 want: 2.89.0
44 silly fetch manifest ws@^8.18.2
45 silly packumentCache full:https://registry.npmjs.org/ws cache-miss
46 silly fetch manifest @types/ws@^8.18.1
47 silly packumentCache full:https://registry.npmjs.org/@types%2fws cache-miss
48 silly fetch manifest @types/phoenix@^1.6.6
49 silly packumentCache full:https://registry.npmjs.org/@types%2fphoenix cache-miss
50 silly fetch manifest iceberg-js@^0.8.1
51 silly packumentCache full:https://registry.npmjs.org/iceberg-js cache-miss
52 http fetch GET 200 https://registry.npmjs.org/ws 50ms (cache miss)
53 silly packumentCache full:https://registry.npmjs.org/ws set size:undefined disposed:false
54 http fetch GET 200 https://registry.npmjs.org/iceberg-js 91ms (cache miss)
55 silly packumentCache full:https://registry.npmjs.org/iceberg-js set size:undefined disposed:false
56 http fetch GET 200 https://registry.npmjs.org/@types%2fws 147ms (cache miss)
57 silly packumentCache full:https://registry.npmjs.org/@types%2fws set size:undefined disposed:false
58 http fetch GET 200 https://registry.npmjs.org/@types%2fphoenix 171ms (cache miss)
59 silly packumentCache full:https://registry.npmjs.org/@types%2fphoenix set size:undefined disposed:false
60 silly placeDep ROOT @types/phoenix@1.6.7 OK for: @supabase/realtime-js@2.89.0 want: ^1.6.6
61 silly placeDep ROOT @types/ws@8.18.1 OK for: @supabase/realtime-js@2.89.0 want: ^8.18.1
62 silly placeDep ROOT ws@8.18.3 OK for: @supabase/realtime-js@2.89.0 want: ^8.18.2
63 silly placeDep ROOT iceberg-js@0.8.1 OK for: @supabase/storage-js@2.89.0 want: ^0.8.1
64 silly reify moves {}
65 verbose reify failed optional dependency /Users/home/evolved/music-land/node_modules/@unrs/resolver-binding-win32-x64-msvc
66 silly reify mark deleted [
66 silly reify   '/Users/home/evolved/music-land/node_modules/@unrs/resolver-binding-win32-x64-msvc'
66 silly reify ]
67 verbose reify failed optional dependency /Users/home/evolved/music-land/node_modules/@unrs/resolver-binding-win32-ia32-msvc
68 silly reify mark deleted [
68 silly reify   '/Users/home/evolved/music-land/node_modules/@unrs/resolver-binding-win32-ia32-msvc'
68 silly reify ]
69 verbose reify failed optional dependency /Users/home/evolved/music-land/node_modules/@unrs/resolver-binding-win32-arm64-msvc
70 silly reify mark deleted [
70 silly reify   '/Users/home/evolved/music-land/node_modules/@unrs/resolver-binding-win32-arm64-msvc'
70 silly reify ]
71 verbose reify failed optional dependency /Users/home/evolved/music-land/node_modules/@unrs/resolver-binding-wasm32-wasi
72 silly reify mark deleted [
72 silly reify   '/Users/home/evolved/music-land/node_modules/@unrs/resolver-binding-wasm32-wasi'
72 silly reify ]
73 verbose reify failed optional dependency /Users/home/evolved/music-land/node_modules/@napi-rs/wasm-runtime
74 silly reify mark deleted [ '/Users/home/evolved/music-land/node_modules/@napi-rs/wasm-runtime' ]
75 verbose reify failed optional dependency /Users/home/evolved/music-land/node_modules/@emnapi/core
76 silly reify mark deleted [ '/Users/home/evolved/music-land/node_modules/@emnapi/core' ]
77 verbose reify failed optional dependency /Users/home/evolved/music-land/node_modules/@tybys/wasm-util
78 silly reify mark deleted [ '/Users/home/evolved/music-land/node_modules/@tybys/wasm-util' ]
79 verbose reify failed optional dependency /Users/home/evolved/music-land/node_modules/@emnapi/wasi-threads
80 silly reify mark deleted [ '/Users/home/evolved/music-land/node_modules/@emnapi/wasi-threads' ]
81 verbose reify failed optional dependency /Users/home/evolved/music-land/node_modules/@unrs/resolver-binding-linux-x64-musl
82 silly reify mark deleted [
82 silly reify   '/Users/home/evolved/music-land/node_modules/@unrs/resolver-binding-linux-x64-musl'
82 silly reify ]
83 verbose reify failed optional dependency /Users/home/evolved/music-land/node_modules/@unrs/resolver-binding-linux-x64-gnu
84 silly reify mark deleted [
84 silly reify   '/Users/home/evolved/music-land/node_modules/@unrs/resolver-binding-linux-x64-gnu'
84 silly reify ]
85 verbose reify failed optional dependency /Users/home/evolved/music-land/node_modules/@unrs/resolver-binding-linux-s390x-gnu
86 silly reify mark deleted [
86 silly reify   '/Users/home/evolved/music-land/node_modules/@unrs/resolver-binding-linux-s390x-gnu'
86 silly reify ]
87 verbose reify failed optional dependency /Users/home/evolved/music-land/node_modules/@unrs/resolver-binding-linux-riscv64-musl
88 silly reify mark deleted [
88 silly reify   '/Users/home/evolved/music-land/node_modules/@unrs/resolver-binding-linux-riscv64-musl'
88 silly reify ]
89 verbose reify failed optional dependency /Users/home/evolved/music-land/node_modules/@unrs/resolver-binding-linux-riscv64-gnu
90 silly reify mark deleted [
90 silly reify   '/Users/home/evolved/music-land/node_modules/@unrs/resolver-binding-linux-riscv64-gnu'
90 silly reify ]
91 verbose reify failed optional dependency /Users/home/evolved/music-land/node_modules/@unrs/resolver-binding-linux-ppc64-gnu
92 silly reify mark deleted [
92 silly reify   '/Users/home/evolved/music-land/node_modules/@unrs/resolver-binding-linux-ppc64-gnu'
92 silly reify ]
93 verbose reify failed optional dependency /Users/home/evolved/music-land/node_modules/@unrs/resolver-binding-linux-arm64-musl
94 silly reify mark deleted [
94 silly reify   '/Users/home/evolved/music-land/node_modules/@unrs/resolver-binding-linux-arm64-musl'
94 silly reify ]
95 verbose reify failed optional dependency /Users/home/evolved/music-land/node_modules/@unrs/resolver-binding-linux-arm64-gnu
96 silly reify mark deleted [
96 silly reify   '/Users/home/evolved/music-land/node_modules/@unrs/resolver-binding-linux-arm64-gnu'
96 silly reify ]
97 verbose reify failed optional dependency /Users/home/evolved/music-land/node_modules/@unrs/resolver-binding-linux-arm-musleabihf
98 silly reify mark deleted [
98 silly reify   '/Users/home/evolved/music-land/node_modules/@unrs/resolver-binding-linux-arm-musleabihf'
98 silly reify ]
99 verbose reify failed optional dependency /Users/home/evolved/music-land/node_modules/@unrs/resolver-binding-linux-arm-gnueabihf
100 silly reify mark deleted [
100 silly reify   '/Users/home/evolved/music-land/node_modules/@unrs/resolver-binding-linux-arm-gnueabihf'
100 silly reify ]
101 verbose reify failed optional dependency /Users/home/evolved/music-land/node_modules/@unrs/resolver-binding-freebsd-x64
102 silly reify mark deleted [
102 silly reify   '/Users/home/evolved/music-land/node_modules/@unrs/resolver-binding-freebsd-x64'
102 silly reify ]
103 verbose reify failed optional dependency /Users/home/evolved/music-land/node_modules/@unrs/resolver-binding-darwin-arm64
104 silly reify mark deleted [
104 silly reify   '/Users/home/evolved/music-land/node_modules/@unrs/resolver-binding-darwin-arm64'
104 silly reify ]
105 verbose reify failed optional dependency /Users/home/evolved/music-land/node_modules/@unrs/resolver-binding-android-arm64
106 silly reify mark deleted [
106 silly reify   '/Users/home/evolved/music-land/node_modules/@unrs/resolver-binding-android-arm64'
106 silly reify ]
107 verbose reify failed optional dependency /Users/home/evolved/music-land/node_modules/@unrs/resolver-binding-android-arm-eabi
108 silly reify mark deleted [
108 silly reify   '/Users/home/evolved/music-land/node_modules/@unrs/resolver-binding-android-arm-eabi'
108 silly reify ]
109 verbose reify failed optional dependency /Users/home/evolved/music-land/node_modules/@next/swc-win32-x64-msvc
110 silly reify mark deleted [
110 silly reify   '/Users/home/evolved/music-land/node_modules/@next/swc-win32-x64-msvc'
110 silly reify ]
111 verbose reify failed optional dependency /Users/home/evolved/music-land/node_modules/@next/swc-win32-arm64-msvc
112 silly reify mark deleted [
112 silly reify   '/Users/home/evolved/music-land/node_modules/@next/swc-win32-arm64-msvc'
112 silly reify ]
113 verbose reify failed optional dependency /Users/home/evolved/music-land/node_modules/@next/swc-linux-x64-musl
114 silly reify mark deleted [
114 silly reify   '/Users/home/evolved/music-land/node_modules/@next/swc-linux-x64-musl'
114 silly reify ]
115 verbose reify failed optional dependency /Users/home/evolved/music-land/node_modules/@next/swc-linux-x64-gnu
116 silly reify mark deleted [
116 silly reify   '/Users/home/evolved/music-land/node_modules/@next/swc-linux-x64-gnu'
116 silly reify ]
117 verbose reify failed optional dependency /Users/home/evolved/music-land/node_modules/@next/swc-linux-arm64-musl
118 silly reify mark deleted [
118 silly reify   '/Users/home/evolved/music-land/node_modules/@next/swc-linux-arm64-musl'
118 silly reify ]
119 verbose reify failed optional dependency /Users/home/evolved/music-land/node_modules/@next/swc-linux-arm64-gnu
120 silly reify mark deleted [
120 silly reify   '/Users/home/evolved/music-land/node_modules/@next/swc-linux-arm64-gnu'
120 silly reify ]
121 verbose reify failed optional dependency /Users/home/evolved/music-land/node_modules/@next/swc-darwin-arm64
122 silly reify mark deleted [
122 silly reify   '/Users/home/evolved/music-land/node_modules/@next/swc-darwin-arm64'
122 silly reify ]
123 verbose reify failed optional dependency /Users/home/evolved/music-land/node_modules/@img/sharp-win32-x64
124 silly reify mark deleted [ '/Users/home/evolved/music-land/node_modules/@img/sharp-win32-x64' ]
125 verbose reify failed optional dependency /Users/home/evolved/music-land/node_modules/@img/sharp-win32-ia32
126 silly reify mark deleted [ '/Users/home/evolved/music-land/node_modules/@img/sharp-win32-ia32' ]
127 verbose reify failed optional dependency /Users/home/evolved/music-land/node_modules/@img/sharp-win32-arm64
128 silly reify mark deleted [
128 silly reify   '/Users/home/evolved/music-land/node_modules/@img/sharp-win32-arm64'
128 silly reify ]
129 verbose reify failed optional dependency /Users/home/evolved/music-land/node_modules/@img/sharp-wasm32
130 silly reify mark deleted [ '/Users/home/evolved/music-land/node_modules/@img/sharp-wasm32' ]
131 verbose reify failed optional dependency /Users/home/evolved/music-land/node_modules/@img/sharp-linuxmusl-x64
132 silly reify mark deleted [
132 silly reify   '/Users/home/evolved/music-land/node_modules/@img/sharp-linuxmusl-x64'
132 silly reify ]
133 verbose reify failed optional dependency /Users/home/evolved/music-land/node_modules/@img/sharp-linuxmusl-arm64
134 silly reify mark deleted [
134 silly reify   '/Users/home/evolved/music-land/node_modules/@img/sharp-linuxmusl-arm64'
134 silly reify ]
135 verbose reify failed optional dependency /Users/home/evolved/music-land/node_modules/@img/sharp-linux-x64
136 silly reify mark deleted [ '/Users/home/evolved/music-land/node_modules/@img/sharp-linux-x64' ]
137 verbose reify failed optional dependency /Users/home/evolved/music-land/node_modules/@img/sharp-linux-s390x
138 silly reify mark deleted [
138 silly reify   '/Users/home/evolved/music-land/node_modules/@img/sharp-linux-s390x'
138 silly reify ]
139 verbose reify failed optional dependency /Users/home/evolved/music-land/node_modules/@img/sharp-linux-riscv64
140 silly reify mark deleted [
140 silly reify   '/Users/home/evolved/music-land/node_modules/@img/sharp-linux-riscv64'
140 silly reify ]
141 verbose reify failed optional dependency /Users/home/evolved/music-land/node_modules/@img/sharp-linux-ppc64
142 silly reify mark deleted [
142 silly reify   '/Users/home/evolved/music-land/node_modules/@img/sharp-linux-ppc64'
142 silly reify ]
143 verbose reify failed optional dependency /Users/home/evolved/music-land/node_modules/@img/sharp-linux-arm64
144 silly reify mark deleted [
144 silly reify   '/Users/home/evolved/music-land/node_modules/@img/sharp-linux-arm64'
144 silly reify ]
145 verbose reify failed optional dependency /Users/home/evolved/music-land/node_modules/@img/sharp-linux-arm
146 silly reify mark deleted [ '/Users/home/evolved/music-land/node_modules/@img/sharp-linux-arm' ]
147 verbose reify failed optional dependency /Users/home/evolved/music-land/node_modules/@img/sharp-libvips-linuxmusl-x64
148 silly reify mark deleted [
148 silly reify   '/Users/home/evolved/music-land/node_modules/@img/sharp-libvips-linuxmusl-x64'
148 silly reify ]
149 verbose reify failed optional dependency /Users/home/evolved/music-land/node_modules/@img/sharp-libvips-linuxmusl-arm64
150 silly reify mark deleted [
150 silly reify   '/Users/home/evolved/music-land/node_modules/@img/sharp-libvips-linuxmusl-arm64'
150 silly reify ]
151 verbose reify failed optional dependency /Users/home/evolved/music-land/node_modules/@img/sharp-libvips-linux-x64
152 silly reify mark deleted [
152 silly reify   '/Users/home/evolved/music-land/node_modules/@img/sharp-libvips-linux-x64'
152 silly reify ]
153 verbose reify failed optional dependency /Users/home/evolved/music-land/node_modules/@img/sharp-libvips-linux-s390x
154 silly reify mark deleted [
154 silly reify   '/Users/home/evolved/music-land/node_modules/@img/sharp-libvips-linux-s390x'
154 silly reify ]
155 verbose reify failed optional dependency /Users/home/evolved/music-land/node_modules/@img/sharp-libvips-linux-riscv64
156 silly reify mark deleted [
156 silly reify   '/Users/home/evolved/music-land/node_modules/@img/sharp-libvips-linux-riscv64'
156 silly reify ]
157 verbose reify failed optional dependency /Users/home/evolved/music-land/node_modules/@img/sharp-libvips-linux-ppc64
158 silly reify mark deleted [
158 silly reify   '/Users/home/evolved/music-land/node_modules/@img/sharp-libvips-linux-ppc64'
158 silly reify ]
159 verbose reify failed optional dependency /Users/home/evolved/music-land/node_modules/@img/sharp-libvips-linux-arm64
160 silly reify mark deleted [
160 silly reify   '/Users/home/evolved/music-land/node_modules/@img/sharp-libvips-linux-arm64'
160 silly reify ]
161 verbose reify failed optional dependency /Users/home/evolved/music-land/node_modules/@img/sharp-libvips-linux-arm
162 silly reify mark deleted [
162 silly reify   '/Users/home/evolved/music-land/node_modules/@img/sharp-libvips-linux-arm'
162 silly reify ]
163 verbose reify failed optional dependency /Users/home/evolved/music-land/node_modules/@img/sharp-libvips-darwin-arm64
164 silly reify mark deleted [
164 silly reify   '/Users/home/evolved/music-land/node_modules/@img/sharp-libvips-darwin-arm64'
164 silly reify ]
165 verbose reify failed optional dependency /Users/home/evolved/music-land/node_modules/@img/sharp-darwin-arm64
166 silly reify mark deleted [
166 silly reify   '/Users/home/evolved/music-land/node_modules/@img/sharp-darwin-arm64'
166 silly reify ]
167 silly tarball no local data for iceberg-js@https://registry.npmjs.org/iceberg-js/-/iceberg-js-0.8.1.tgz. Extracting by manifest.
168 silly tarball no local data for ws@https://registry.npmjs.org/ws/-/ws-8.18.3.tgz. Extracting by manifest.
169 silly tarball no local data for @types/ws@https://registry.npmjs.org/@types/ws/-/ws-8.18.1.tgz. Extracting by manifest.
170 silly tarball no local data for @supabase/storage-js@https://registry.npmjs.org/@supabase/storage-js/-/storage-js-2.89.0.tgz. Extracting by manifest.
171 silly tarball no local data for @supabase/realtime-js@https://registry.npmjs.org/@supabase/realtime-js/-/realtime-js-2.89.0.tgz. Extracting by manifest.
172 silly tarball no local data for @types/phoenix@https://registry.npmjs.org/@types/phoenix/-/phoenix-1.6.7.tgz. Extracting by manifest.
173 silly tarball no local data for @supabase/auth-js@https://registry.npmjs.org/@supabase/auth-js/-/auth-js-2.89.0.tgz. Extracting by manifest.
174 silly tarball no local data for @supabase/supabase-js@https://registry.npmjs.org/@supabase/supabase-js/-/supabase-js-2.89.0.tgz. Extracting by manifest.
175 silly tarball no local data for @supabase/postgrest-js@https://registry.npmjs.org/@supabase/postgrest-js/-/postgrest-js-2.89.0.tgz. Extracting by manifest.
176 silly tarball no local data for @supabase/functions-js@https://registry.npmjs.org/@supabase/functions-js/-/functions-js-2.89.0.tgz. Extracting by manifest.
177 http fetch GET 200 https://registry.npmjs.org/@types/ws/-/ws-8.18.1.tgz 163ms (cache miss)
178 http fetch GET 200 https://registry.npmjs.org/ws/-/ws-8.18.3.tgz 179ms (cache miss)
179 http fetch GET 200 https://registry.npmjs.org/iceberg-js/-/iceberg-js-0.8.1.tgz 182ms (cache miss)
180 http fetch GET 200 https://registry.npmjs.org/@types/phoenix/-/phoenix-1.6.7.tgz 215ms (cache miss)
181 http fetch GET 200 https://registry.npmjs.org/@supabase/storage-js/-/storage-js-2.89.0.tgz 280ms (cache miss)
182 http fetch GET 200 https://registry.npmjs.org/@supabase/supabase-js/-/supabase-js-2.89.0.tgz 289ms (cache miss)
183 http fetch GET 200 https://registry.npmjs.org/@supabase/realtime-js/-/realtime-js-2.89.0.tgz 335ms (cache miss)
184 http fetch GET 200 https://registry.npmjs.org/@supabase/postgrest-js/-/postgrest-js-2.89.0.tgz 338ms (cache miss)
185 http fetch GET 200 https://registry.npmjs.org/@supabase/functions-js/-/functions-js-2.89.0.tgz 373ms (cache miss)
186 http fetch GET 200 https://registry.npmjs.org/@supabase/auth-js/-/auth-js-2.89.0.tgz 417ms (cache miss)
187 silly ADD node_modules/iceberg-js
188 silly ADD node_modules/ws
189 silly ADD node_modules/@types/ws
190 silly ADD node_modules/@types/phoenix
191 silly ADD node_modules/@supabase/storage-js
192 silly ADD node_modules/@supabase/realtime-js
193 silly ADD node_modules/@supabase/postgrest-js
194 silly ADD node_modules/@supabase/functions-js
195 silly ADD node_modules/@supabase/auth-js
196 silly ADD node_modules/@supabase/supabase-js
197 silly ADD
198 silly ADD
199 silly ADD
200 silly ADD
201 silly ADD
202 silly ADD
203 silly ADD
204 silly ADD
205 silly ADD
206 silly ADD
207 silly ADD
208 silly ADD
209 silly ADD
210 silly ADD
211 silly ADD
212 silly ADD
213 silly ADD
214 silly ADD
215 silly ADD
216 silly ADD
217 silly ADD
218 silly ADD
219 silly ADD
220 silly ADD
221 silly ADD
222 silly ADD
223 silly ADD
224 silly ADD
225 silly ADD
226 silly ADD
227 silly ADD
228 silly ADD
229 silly ADD
230 silly ADD
231 silly ADD
232 silly ADD
233 silly ADD
234 silly ADD
235 silly ADD
236 silly ADD
237 silly ADD
238 silly ADD
239 silly ADD
240 silly ADD
241 silly ADD
242 silly ADD
243 silly ADD
244 silly ADD
245 silly ADD
246 silly ADD
247 silly ADD
248 verbose cwd /Users/home/evolved/music-land
249 verbose os Darwin 24.6.0
250 verbose node v20.19.5
251 verbose npm  v10.8.2
252 verbose exit 0
253 info ok
